Browser starting 1613376
[1613376:1613376:0920/150346.774344:ERROR:dbus/object_proxy.cc:572] Failed to call method: org.freedesktop.DBus.Properties.GetAll: object_path= /org/freedesktop/UPower/devices/DisplayDevice: org.freedesktop.DBus.Error.ServiceUnknown: The name org.freedesktop.UPower was not provided by any .service files
Target attached
Page loaded
CHECK Systemmenüleiste liegt außerhalb des Projektfensters
PASS Systemmenüleiste liegt außerhalb des Projektfensters
CHECK Schnittbefehle und Standardbearbeitung sind vorhanden
PASS Schnittbefehle und Standardbearbeitung sind vorhanden
CHECK Teilen aus dem Menü erstellt echte Timeline-Instanz
PASS Teilen aus dem Menü erstellt echte Timeline-Instanz
CHECK Ausschneiden entfernt die Auswahl und erhält sie in der Zwischenablage
PASS Ausschneiden entfernt die Auswahl und erhält sie in der Zwischenablage
CHECK Einsetzen erstellt Clip mit neuer Instanz-ID
PASS Einsetzen erstellt Clip mit neuer Instanz-ID
CHECK Gesperrte Spur blockiert Ausschneiden, Einsetzen und Teilen
PASS Gesperrte Spur blockiert Ausschneiden, Einsetzen und Teilen
CHECK Postproduction bietet keine aktiven Montagebefehle
PASS Postproduction bietet keine aktiven Montagebefehle
CHECK Kopieren aus Textfeld verändert keinen Projektinhalt
PASS Kopieren aus Textfeld verändert keinen Projektinhalt
CHECK Einsetzen im Textfeld ersetzt exakt die Textauswahl
PASS Einsetzen im Textfeld ersetzt exakt die Textauswahl
CHECK Fenstermenü öffnet vorhandene KI-Aktivitätsanzeige
PASS Fenstermenü öffnet vorhandene KI-Aktivitätsanzeige
CHECK Abbrechen eines Projektdialogs gibt Fokus an Ablage zurück
PASS Abbrechen eines Projektdialogs gibt Fokus an Ablage zurück
CHECK Medien: Sidebar enthält keine App- oder Projektverwaltung
PASS Medien: Sidebar enthält keine App- oder Projektverwaltung
CHECK Medien: App-Menü öffnet Einstellungen
PASS Medien: App-Menü öffnet Einstellungen
CHECK Medien: Projektname ist Text, Projektaktionen liegen unter Ablage
PASS Medien: Projektname ist Text, Projektaktionen liegen unter Ablage
CHECK Medien: Fenster zeigt Projekt und Aktivitäten
PASS Medien: Fenster zeigt Projekt und Aktivitäten
CHECK Produktion: Sidebar enthält keine App- oder Projektverwaltung
PASS Produktion: Sidebar enthält keine App- oder Projektverwaltung
CHECK Produktion: App-Menü öffnet Einstellungen
PASS Produktion: App-Menü öffnet Einstellungen
CHECK Produktion: Projektname ist Text, Projektaktionen liegen unter Ablage
PASS Produktion: Projektname ist Text, Projektaktionen liegen unter Ablage
CHECK Produktion: Fenster zeigt Projekt und Aktivitäten
PASS Produktion: Fenster zeigt Projekt und Aktivitäten
CHECK Schnitt: Sidebar enthält keine App- oder Projektverwaltung
PASS Schnitt: Sidebar enthält keine App- oder Projektverwaltung
CHECK Schnitt: App-Menü öffnet Einstellungen
PASS Schnitt: App-Menü öffnet Einstellungen
CHECK Schnitt: Projektname ist Text, Projektaktionen liegen unter Ablage
PASS Schnitt: Projektname ist Text, Projektaktionen liegen unter Ablage
CHECK Schnitt: Fenster zeigt Projekt und Aktivitäten
PASS Schnitt: Fenster zeigt Projekt und Aktivitäten
CHECK Postproduction: Sidebar enthält keine App- oder Projektverwaltung
PASS Postproduction: Sidebar enthält keine App- oder Projektverwaltung
CHECK Postproduction: App-Menü öffnet Einstellungen
PASS Postproduction: App-Menü öffnet Einstellungen
CHECK Postproduction: Projektname ist Text, Projektaktionen liegen unter Ablage
PASS Postproduction: Projektname ist Text, Projektaktionen liegen unter Ablage
CHECK Postproduction: Fenster zeigt Projekt und Aktivitäten
PASS Postproduction: Fenster zeigt Projekt und Aktivitäten
CHECK Export: Sidebar enthält keine App- oder Projektverwaltung
PASS Export: Sidebar enthält keine App- oder Projektverwaltung
CHECK Export: App-Menü öffnet Einstellungen
PASS Export: App-Menü öffnet Einstellungen
CHECK Export: Projektname ist Text, Projektaktionen liegen unter Ablage
PASS Export: Projektname ist Text, Projektaktionen liegen unter Ablage
CHECK Export: Fenster zeigt Projekt und Aktivitäten
PASS Export: Fenster zeigt Projekt und Aktivitäten
CHECK App-Menü liegt vollständig über der Arbeitsfläche
PASS App-Menü liegt vollständig über der Arbeitsfläche
CHECK Offene Dialoge werden nicht durch Menüwechsel verworfen
PASS Offene Dialoge werden nicht durch Menüwechsel verworfen
CHECK Menü ist mit Pfeiltasten erreichbar
PASS Menü ist mit Pfeiltasten erreichbar
CHECK Escape schließt Menü und stellt den Fokus wieder her
PASS Escape schließt Menü und stellt den Fokus wieder her
CHECK ⌘, öffnet App-Einstellungen
PASS ⌘, öffnet App-Einstellungen
CHECK Darstellungsmenü schaltet denselben Inspector wie das Pane-Icon
PASS Darstellungsmenü schaltet denselben Inspector wie das Pane-Icon
CHECK Pane-Icon stellt Inspector ohne Arbeitsraumwechsel wieder her
PASS Pane-Icon stellt Inspector ohne Arbeitsraumwechsel wieder her
CHECK Bearbeiten-Menü zeigt Undo und Redo mit korrekter Verfügbarkeit
PASS Bearbeiten-Menü zeigt Undo und Redo mit korrekter Verfügbarkeit
CHECK Nach Undo wird Redo verfügbar
PASS Nach Undo wird Redo verfügbar
CHECK Redo stellt denselben Inhalt wieder her
PASS Redo stellt denselben Inhalt wieder her
CHECK Neues Projekt setzt App-Anbieter nicht zurück
PASS Neues Projekt setzt App-Anbieter nicht zurück
CHECK Projekt-Undo setzt App-Einstellungen nicht zurück
PASS Projekt-Undo setzt App-Einstellungen nicht zurück
CHECK App-Packverwaltung enthält keine Projektmigration
PASS App-Packverwaltung enthält keine Projektmigration
CHECK Katalogprüfung verändert keine Projektversion
PASS Katalogprüfung verändert keine Projektversion
CHECK Projektmigration ist ausdrücklich in Projekteinstellungen erreichbar
PASS Projektmigration ist ausdrücklich in Projekteinstellungen erreichbar
CHECK App-Speicher enthält keine projektbezogene Index-Schaltung
PASS App-Speicher enthält keine projektbezogene Index-Schaltung
CHECK Inhaltssuche führt zur geöffneten Projekteinstellung
PASS Inhaltssuche führt zur geöffneten Projekteinstellung
CHECK KI-Auftrag erscheint beim zuständigen Arbeitsraum
PASS KI-Auftrag erscheint beim zuständigen Arbeitsraum
CHECK Schnittauftrag erscheint nicht in Produktion
PASS Schnittauftrag erscheint nicht in Produktion
CHECK Rückkehr erhält den unbestätigten Auftrag
PASS Rückkehr erhält den unbestätigten Auftrag
CHECK Farbauftrag erscheint nicht beim Tonwerkzeug
PASS Farbauftrag erscheint nicht beim Tonwerkzeug
CHECK Farbauftrag bleibt beim zuständigen Werkzeug erreichbar
PASS Farbauftrag bleibt beim zuständigen Werkzeug erreichbar
CHECK Verlauf verspricht keine erneute Ausführung
PASS Verlauf verspricht keine erneute Ausführung
CHECK Verlauf zeigt Arbeitsbereich ohne neuen KI-Auftrag
PASS Verlauf zeigt Arbeitsbereich ohne neuen KI-Auftrag
CHECK Leerer Take-Inspector enthält keine Projektverwaltung
PASS Leerer Take-Inspector enthält keine Projektverwaltung
CHECK Untertitel-Korrektur ist ohne Untertitel deaktiviert
PASS Untertitel-Korrektur ist ohne Untertitel deaktiviert
CHECK Untertitelbearbeitung zeigt keine Film-Titel
PASS Untertitelbearbeitung zeigt keine Film-Titel
CHECK Untertitel bleibt bei Untertiteln und verändert keinen Film-Titel
PASS Untertitel bleibt bei Untertiteln und verändert keinen Film-Titel
CHECK Titelbereich zeigt nur Film-Titel
PASS Titelbereich zeigt nur Film-Titel
CHECK Montageauftrag ist aus der Produktionsfläche entfernt
PASS Montageauftrag ist aus der Produktionsfläche entfernt
CHECK Montagefunktion bleibt im Schnitt bedienbar
PASS Montagefunktion bleibt im Schnitt bedienbar
CHECK Montage erhält bestehende Clips und legt zusätzliche Spur an
PASS Montage erhält bestehende Clips und legt zusätzliche Spur an
CHECK Menüleiste passt bei 1440 px
PASS Menüleiste passt bei 1440 px
CHECK Menüleiste passt bei 1048 px
PASS Menüleiste passt bei 1048 px
CHECK Menüleiste passt bei 768 px
PASS Menüleiste passt bei 768 px
CHECK Menüleiste passt bei 390 px
PASS Menüleiste passt bei 390 px
CHECK Menüleiste passt bei 320 px
PASS Menüleiste passt bei 320 px
{"passed":69,"total":69}
